// Vitest Snapshot v1, https://vitest.dev/guide/snapshot.html

exports[`paramly > --verbose 1`] = `
"
Test

Usage: To get started, set a server.
The server with the name default is used by default when no --server flag is used.

 test help <module>	Get help on module

Modules:
help            Shows help.
version         Shows version.
output          Show argument in output.
"
`;

exports[`paramly > help --server 1`] = `
"
Test

Usage: To get started, set a server.
The server with the name default is used by default when no --server flag is used.

 test help <module>	Get help on module

Modules:
help            Shows help.
version         Shows version.
output          Show argument in output.
"
`;

exports[`paramly > help 1`] = `
"
Test

Usage: To get started, set a server.
The server with the name default is used by default when no --server flag is used.

 test help <module>	Get help on module

Modules:
help            Shows help.
version         Shows version.
output          Show argument in output.
"
`;

exports[`paramly > help output 1`] = `
"
Test

Usage: test output <command>		Run command
test help output <command>	Get help on command

Commands:
list      	List output.

Flags:
--server <url>               	Base URL of server to connect to.
--verbose                     	More verbose output."
`;

exports[`paramly > help output list --server 1`] = `
"
Test

Usage: test output list <command>

List output.

Examples:
all	List all output.
	List some output.
"
`;

exports[`paramly > help output list 1`] = `
"
Test

Usage: test output list <command>

List output.

Examples:
all	List all output.
	List some output.
"
`;

exports[`paramly > help unknown 1`] = `
"
Test

Usage: To get started, set a server.
The server with the name default is used by default when no --server flag is used.

 test help <module>	Get help on module

Modules:
help            Shows help.
version         Shows version.
output          Show argument in output.
"
`;

exports[`paramly > help version 1`] = `
"
Test

Usage: test version	Show version.test help version	Get help on version.
"
`;

exports[`paramly > output all --server https://example.com 1`] = `""`;

exports[`paramly > unknown 1`] = `
"
Test

Usage: To get started, set a server.
The server with the name default is used by default when no --server flag is used.

 test help <module>	Get help on module

Modules:
help            Shows help.
version         Shows version.
output          Show argument in output.
"
`;

exports[`paramly > unknown 42 1`] = `
"
Test

Usage: To get started, set a server.
The server with the name default is used by default when no --server flag is used.

 test help <module>	Get help on module

Modules:
help            Shows help.
version         Shows version.
output          Show argument in output.
"
`;

exports[`paramly > version 1`] = `
"Test
version: 13.37
"
`;
